2026-07-12 15:38:26,460 19472 INFO ? odoo: Odoo version 18.0-20260415 
2026-07-12 15:38:26,460 19472 INFO ? odoo: Using configuration file at C:\odoo\odoo.conf 
2026-07-12 15:38:26,460 19472 INFO ? odoo: addons paths: ['C:\\odoo\\odoo18\\server\\odoo\\addons', 'c:\\odoo\\odoo18\\sessions\\addons\\18.0', 'c:\\odoo\\odoo18\\server\\odoo\\addons'] 
2026-07-12 15:38:26,460 19472 INFO ? odoo: database: openpg@localhost:5432 
2026-07-12 15:38:26,677 19472 INFO ? odoo.addons.base.models.ir_actions_report: Will use the Wkhtmltopdf binary at C:\Program Files\wkhtmltopdf\bin\wkhtmltopdf.exe 
2026-07-12 15:38:26,694 19472 INFO ? odoo.addons.base.models.ir_actions_report: Will use the Wkhtmltoimage binary at C:\Program Files\wkhtmltopdf\bin\wkhtmltoimage.exe 
2026-07-12 15:38:27,145 19472 INFO diansukses odoo.modules.loading: loading 1 modules... 
2026-07-12 15:38:27,145 19472 INFO diansukses odoo.modules.loading: 1 modules loaded in 0.00s, 0 queries (+0 extra) 
2026-07-12 15:38:27,183 19472 INFO diansukses odoo.modules.loading: updating modules list 
2026-07-12 15:38:27,188 19472 INFO diansukses odoo.addons.base.models.ir_module: ALLOW access to module.update_list on [] to user __system__ #1 via n/a 
2026-07-12 15:38:28,895 19472 INFO diansukses odoo.addons.base.models.ir_module: ALLOW access to module.button_upgrade on ['Manufaktur Kelapa'] to user __system__ #1 via n/a 
2026-07-12 15:38:28,895 19472 INFO diansukses odoo.addons.base.models.ir_module: ALLOW access to module.update_list on ['Manufaktur Kelapa'] to user __system__ #1 via n/a 
2026-07-12 15:38:29,862 19472 INFO diansukses odoo.addons.base.models.ir_module: ALLOW access to module.button_install on [] to user __system__ #1 via n/a 
2026-07-12 15:38:30,263 19472 INFO diansukses odoo.modules.loading: loading 92 modules... 
2026-07-12 15:38:32,144 19472 INFO diansukses odoo.modules.loading: Loading module coconut_sorting (87/92) 
2026-07-12 15:38:32,493 19472 INFO diansukses odoo.modules.registry: module coconut_sorting: creating or updating database tables 
2026-07-12 15:38:32,643 19472 INFO diansukses odoo.schema: Table 'coconut_receipt': unable to set NOT NULL on column 'partner_id' 
2026-07-12 15:38:32,643 19472 INFO diansukses odoo.schema: Table 'coconut_receipt': unable to set NOT NULL on column 'gross_vehicle_weight' 
2026-07-12 15:38:32,643 19472 INFO diansukses odoo.schema: Table 'coconut_receipt': unable to set NOT NULL on column 'tare_vehicle_weight' 
2026-07-12 15:38:32,859 19472 INFO diansukses odoo.modules.loading: loading coconut_sorting/security/ir.model.access.csv 
2026-07-12 15:38:32,891 19472 INFO diansukses odoo.modules.loading: loading coconut_sorting/data/sequence.xml 
2026-07-12 15:38:32,891 19472 INFO diansukses odoo.modules.loading: loading coconut_sorting/data/location_data.xml 
2026-07-12 15:38:32,924 19472 INFO diansukses odoo.modules.loading: loading coconut_sorting/views/coconut_manufacturing_views.xml 
2026-07-12 15:38:32,974 19472 INFO diansukses odoo.modules.loading: loading coconut_sorting/views/coconut_stock_report_views.xml 
2026-07-12 15:38:32,991 19472 DEBUG diansukses odoo.tools.convert: while parsing file:/c:/odoo/odoo18/server/odoo/addons/coconut_sorting/views/coconut_stock_report_views.xml:6
Error selagi validasi tampilan dekat:

                <group string="Laporan Stok Kelapa Harian" invisible="not line_ids">
                    <field name="line_ids" nolabel="1" readonly="1">
                        </field>
                </group>
            </form>
Atribut "editable" di tampilan list harus di "top" atau "bottom", menerima False

View error context:
{'file': 'c:\\odoo\\odoo18\\server\\odoo\\addons\\coconut_sorting\\views\\coconut_stock_report_views.xml',
 'line': 16,
 'name': 'coconut.stock.report.form',
 'view': ir.ui.view(1873,),
 'view.model': 'coconut.stock.report',
 'view.parent': ir.ui.view(),
 'xmlid': 'view_coconut_stock_report_form'}
 
Traceback (most recent call last):
  File "C:\odoo\odoo18\server\odoo\tools\convert.py", line 590, in _tag_root
    f(rec)
  File "C:\odoo\odoo18\server\odoo\tools\convert.py", line 444, in _tag_record
    record = model._load_records([data], self.mode == 'update')
             ^^^^^^^^^^^^^^^^^^^^^^^^^^^^^^^^^^^^^^^^^^^^^^^^^^
  File "C:\odoo\odoo18\server\odoo\models.py", line 5531, in _load_records
    records = self._load_records_create([data['values'] for data in to_create])
              ^^^^^^^^^^^^^^^^^^^^^^^^^^^^^^^^^^^^^^^^^^^^^^^^^^^^^^^^^^^^^^^^^
  File "C:\odoo\odoo18\server\odoo\models.py", line 5435, in _load_records_create
    records = self.create(vals_list)
              ^^^^^^^^^^^^^^^^^^^^^^
  File "<decorator-gen-9>", line 2, in create
  File "C:\odoo\odoo18\server\odoo\api.py", line 498, in _model_create_multi
    return create(self, arg)
           ^^^^^^^^^^^^^^^^^
  File "C:\odoo\odoo18\server\odoo\addons\base\models\ir_ui_view.py", line 535, in create
    result = super(View, self.with_context(ir_ui_view_partial_validation=True)).create(vals_list)
             ^^^^^^^^^^^^^^^^^^^^^^^^^^^^^^^^^^^^^^^^^^^^^^^^^^^^^^^^^^^^^^^^^^^^^^^^^^^^^^^^^^^^
  File "<decorator-gen-0>", line 2, in create
  File "C:\odoo\odoo18\server\odoo\api.py", line 498, in _model_create_multi
    return create(self, arg)
           ^^^^^^^^^^^^^^^^^
  File "C:\odoo\odoo18\server\odoo\models.py", line 5039, in create
    records = self._create(data_list)
              ^^^^^^^^^^^^^^^^^^^^^^^
  File "C:\odoo\odoo18\server\odoo\models.py", line 5297, in _create
    records._validate_fields(name for data in data_list for name in data['stored'])
  File "C:\odoo\odoo18\server\odoo\models.py", line 1636, in _validate_fields
    check(self)
  File "C:\odoo\odoo18\server\odoo\addons\base\models\ir_ui_view.py", line 414, in _check_xml
    raise err.with_traceback(e.__traceback__) from None
  File "C:\odoo\odoo18\server\odoo\addons\base\models\ir_ui_view.py", line 381, in _check_xml
    view._validate_view(combined_arch, view.model)
  File "C:\odoo\odoo18\server\odoo\addons\base\models\ir_ui_view.py", line 1494, in _validate_view
    validator(node, name_manager, node_info)
  File "C:\odoo\odoo18\server\odoo\addons\base\models\ir_ui_view.py", line 1615, in _validate_tag_field
    self._validate_view(
  File "C:\odoo\odoo18\server\odoo\addons\base\models\ir_ui_view.py", line 1494, in _validate_view
    validator(node, name_manager, node_info)
  File "C:\odoo\odoo18\server\odoo\addons\base\models\ir_ui_view.py", line 1529, in _validate_tag_list
    self._raise_view_error(msg, node)
  File "C:\odoo\odoo18\server\odoo\addons\base\models\ir_ui_view.py", line 734, in _raise_view_error
    raise err from from_exception
odoo.exceptions.ValidationError: Error selagi validasi tampilan dekat:

                <group string="Laporan Stok Kelapa Harian" invisible="not line_ids">
                    <field name="line_ids" nolabel="1" readonly="1">
                        </field>
                </group>
            </form>
Atribut "editable" di tampilan list harus di "top" atau "bottom", menerima False
2026-07-12 15:38:33,023 19472 WARNING diansukses odoo.modules.loading: Transient module states were reset 
2026-07-12 15:38:33,023 19472 ERROR diansukses odoo.modules.registry: Failed to load registry 
2026-07-12 15:38:33,023 19472 CRITICAL diansukses odoo.service.server: Failed to initialize database `diansukses`. 
Traceback (most recent call last):
  File "C:\odoo\odoo18\server\odoo\service\server.py", line 1366, in preload_registries
    registry = Registry.new(dbname, update_module=update_module)
               ^^^^^^^^^^^^^^^^^^^^^^^^^^^^^^^^^^^^^^^^^^^^^^^^^
  File "C:\Users\Lenovo\AppData\Local\Programs\Python\Python312\Lib\site-packages\decorator.py", line 232, in fun
    return caller(func, *(extras + args), **kw)
           ^^^^^^^^^^^^^^^^^^^^^^^^^^^^^^^^^^^^
  File "C:\odoo\odoo18\server\odoo\tools\func.py", line 97, in locked
    return func(inst, *args, **kwargs)
           ^^^^^^^^^^^^^^^^^^^^^^^^^^^
  File "C:\odoo\odoo18\server\odoo\modules\registry.py", line 129, in new
    odoo.modules.load_modules(registry, force_demo, status, update_module)
  File "C:\odoo\odoo18\server\odoo\modules\loading.py", line 485, in load_modules
    processed_modules += load_marked_modules(env, graph,
                         ^^^^^^^^^^^^^^^^^^^^^^^^^^^^^^^
  File "C:\odoo\odoo18\server\odoo\modules\loading.py", line 365, in load_marked_modules
    loaded, processed = load_module_graph(
                        ^^^^^^^^^^^^^^^^^^
  File "C:\odoo\odoo18\server\odoo\modules\loading.py", line 228, in load_module_graph
    load_data(env, idref, mode, kind='data', package=package)
  File "C:\odoo\odoo18\server\odoo\modules\loading.py", line 72, in load_data
    tools.convert_file(env, package.name, filename, idref, mode, noupdate, kind)
  File "C:\odoo\odoo18\server\odoo\tools\convert.py", line 662, in convert_file
    convert_xml_import(env, module, fp, idref, mode, noupdate)
  File "C:\odoo\odoo18\server\odoo\tools\convert.py", line 733, in convert_xml_import
    obj.parse(doc.getroot())
  File "C:\odoo\odoo18\server\odoo\tools\convert.py", line 648, in parse
    self._tag_root(de)
  File "C:\odoo\odoo18\server\odoo\tools\convert.py", line 601, in _tag_root
    raise ParseError(msg) from None  # Restart with "--log-handler odoo.tools.convert:DEBUG" for complete traceback
    ^^^^^^^^^^^^^^^^^^^^^^^^^^^^^^^
odoo.tools.convert.ParseError: while parsing file:/c:/odoo/odoo18/server/odoo/addons/coconut_sorting/views/coconut_stock_report_views.xml:6
Error selagi validasi tampilan dekat:

                <group string="Laporan Stok Kelapa Harian" invisible="not line_ids">
                    <field name="line_ids" nolabel="1" readonly="1">
                        </field>
                </group>
            </form>
Atribut "editable" di tampilan list harus di "top" atau "bottom", menerima False

View error context:
{'file': 'c:\\odoo\\odoo18\\server\\odoo\\addons\\coconut_sorting\\views\\coconut_stock_report_views.xml',
 'line': 16,
 'name': 'coconut.stock.report.form',
 'view': ir.ui.view(1873,),
 'view.model': 'coconut.stock.report',
 'view.parent': ir.ui.view(),
 'xmlid': 'view_coconut_stock_report_form'}

2026-07-12 15:38:33,023 19472 INFO diansukses odoo.service.server: Initiating shutdown 
2026-07-12 15:38:33,023 19472 INFO diansukses odoo.service.server: Hit CTRL-C again or send a second signal to force the shutdown. 
2026-07-12 15:38:33,023 19472 INFO diansukses odoo.sql_db: ConnectionPool(read/write;used=0/count=0/max=64): Closed 1 connections  
